To honour the JVM settings for this build a single-use Daemon process will be forked. For more on this, please refer to https://docs.gradle.org/8.8/userguide/gradle_daemon.html#sec:disabling_the_daemon in the Gradle documentation.
Daemon will be stopped at the end of the build 

> Configure project :
Java: 17.0.18, JVM: 17.0.18+8 (Eclipse Adoptium), Arch: amd64

> Task :compileJava FAILED
.\gradlew.bat : C:\Users\GameBox\Documents\programist\minecraft apocalipsis\Con
structions\src\main\java\com\constructions\ConstructionsConfig.java:113: error:
 incompatible types: BooleanValue cannot be converted to boolean
строка:1 знак:82
+ ... \Constructions" ; .\gradlew.bat build 2>&1 > build_output.txt ; type  ...
+                       ~~~~~~~~~~~~~~~~~~~~~~~~~~~~~~~~~~~~~~~~~~~
    + CategoryInfo          : NotSpecified: (C:\Users\GameBo...rted to boolean 
   :String) [], RemoteException
    + FullyQualifiedErrorId : NativeCommandError
 
                .define("enableHologramPreview", true);
                       ^
C:\Users\GameBox\Documents\programist\minecraft apocalipsis\Constructions\src\m
ain\java\com\constructions\ConstructionsConfig.java:116: error: incompatible ty
pes: IntValue cannot be converted to int
                .defineInRange("previewBlockHeight", 1, 0, 5);
                              ^
C:\Users\GameBox\Documents\programist\minecraft apocalipsis\Constructions\src\m
ain\java\com\constructions\ModCreativeTabs.java:21: error: cannot find symbol
                    .withTabsBefore(CreativeModeTab.TabType.SEARCH.getId())
                                                   ^
  symbol:   variable TabType
  location: class CreativeModeTab
C:\Users\GameBox\Documents\programist\minecraft apocalipsis\Constructions\src\m
ain\java\com\constructions\networking\ModNetworking.java:18: warning: [removal]
 ResourceLocation(String,String) in ResourceLocation has been deprecated and ma
rked for removal
            new ResourceLocation(ConstructionsMod.MODID, "main"),
            ^
C:\Users\GameBox\Documents\programist\minecraft apocalipsis\Constructions\src\m
ain\java\com\constructions\networking\ModNetworking.java:68: error: cannot find
 symbol
        net.minecraftforge.network.PacketDistributor.CLIENTS.noArg().send(messa
ge);
                                                    ^
  symbol:   variable CLIENTS
  location: class PacketDistributor
C:\Users\GameBox\Documents\programist\minecraft apocalipsis\Constructions\src\m
ain\java\com\constructions\networking\ModNetworking.java:75: error: incompatibl
e types: Object cannot be converted to Packet<?>
        net.minecraftforge.network.PacketDistributor.PLAYER.with(() -> player).
send(message);
                                                                               
     ^
C:\Users\GameBox\Documents\programist\minecraft apocalipsis\Constructions\src\m
ain\java\com\constructions\structures\ExplosiveManager.java:70: error: cannot f
ind symbol
                     explosivePos.getZ() + 0.5, EXPLOSION_POWER, true, net.mine
craft.world.level.block.Block.DestroyAction.BREAK);
                                                                               
                             ^
  symbol:   variable DestroyAction
  location: class Block
C:\Users\GameBox\Documents\programist\minecraft apocalipsis\Constructions\src\m
ain\java\com\constructions\structures\StructureManager.java:16: error: Structur
eManager is not abstract and does not override abstract method save(CompoundTag
) in SavedData
public class StructureManager extends SavedData {
       ^
C:\Users\GameBox\Documents\programist\minecraft apocalipsis\Constructions\src\m
ain\java\com\constructions\structures\StructureManager.java:142: error: save(Co
mpoundTag) in StructureManager cannot override save(CompoundTag) in SavedData
    public void save(CompoundTag tag) {
                ^
  return type void is not compatible with CompoundTag
C:\Users\GameBox\Documents\programist\minecraft apocalipsis\Constructions\src\m
ain\java\com\constructions\structures\StructureManager.java:31: error: cannot f
ind symbol
                .computeIfAbsent(FILE_NAME, StructureManager::new);
                ^
  symbol:   method computeIfAbsent(String,StructureM[...]::new)
  location: interface ServerLevelData
C:\Users\GameBox\Documents\programist\minecraft apocalipsis\Constructions\src\m
ain\java\com\constructions\structures\StructureManager.java:141: error: method 
does not override or implement a method from a supertype
    @Override
    ^
C:\Users\GameBox\Documents\programist\minecraft apocalipsis\Constructions\src\m
ain\java\com\constructions\structures\FoundationStructure.java:16: error: incom
patible types: possible lossy conversion from double to int
    private static final int DEFAULT_MAX_HEALTH = 100.0;
                                                  ^
C:\Users\GameBox\Documents\programist\minecraft apocalipsis\Constructions\src\m
ain\java\com\constructions\structures\RoofStructure.java:14: error: incompatibl
e types: possible lossy conversion from double to int
    private static final int DEFAULT_MAX_HEALTH = 75.0;
                                                  ^
C:\Users\GameBox\Documents\programist\minecraft apocalipsis\Constructions\src\m
ain\java\com\constructions\utils\TerrainUtils.java:17: error: cannot find symbo
l
        return state.getMaterial().isSolid();
                    ^
  symbol:   method getMaterial()
  location: variable state of type BlockState
C:\Users\GameBox\Documents\programist\minecraft apocalipsis\Constructions\src\m
ain\java\com\constructions\utils\TerrainUtils.java:62: error: cannot find symbo
l
        return state.getMaterial().isReplaceable();
                    ^
  symbol:   method getMaterial()
  location: variable state of type BlockState
C:\Users\GameBox\Documents\programist\minecraft apocalipsis\Constructions\src\m
ain\java\com\example\examplemod\Config.java:49: warning: [removal] ResourceLoca
tion(String) in ResourceLocation has been deprecated and marked for removal
        return obj instanceof final String itemName && ForgeRegistries.ITEMS.co
ntainsKey(new ResourceLocation(itemName));
                                                                               
          ^
C:\Users\GameBox\Documents\programist\minecraft apocalipsis\Constructions\src\m
ain\java\com\example\examplemod\Config.java:61: warning: [removal] ResourceLoca
tion(String) in ResourceLocation has been deprecated and marked for removal
                .map(itemName -> ForgeRegistries.ITEMS.getValue(new ResourceLoc
ation(itemName)))
                                                                ^
Note: C:\Users\GameBox\Documents\programist\minecraft apocalipsis\Constructions
\src\main\java\com\constructions\blocks\StructureBlock.java uses or overrides a
 deprecated API.
Note: Recompile with -Xlint:deprecation for details.
Note: Some messages have been simplified; recompile with -Xdiags:verbose to get
 full output
14 errors
3 warnings

FAILURE: Build failed with an exception.

* What went wrong:
Execution failed for task ':compileJava'.
> Compilation failed; see the compiler error output for details.

* Try:
> Run with --info option to get more log output.
> Run with --scan to get full insights.

BUILD FAILED in 8s
1 actionable task: 1 executed
